// Jest Snapshot v1, https://goo.gl/fbAQLP

exports[`Text renders the text 1`] = `
<div
  class="css-text-76zvg2"
  data-testid="text"
  dir="auto"
  style="font-family: system-ui,-apple-system,BlinkMacSystemFont,'Segoe UI',Roboto,Ubuntu,'Helvetica Neue',sans-serif; line-height: 1.5;"
>
  OHAI
</div>
`;
