// Jest Snapshot v1, https://goo.gl/fbAQLP

exports[`Switch renders a switch 1`] = `
<div
  class="css-view-1dbjc4n r-cursor-1loqt21 r-userSelect-lrvibr"
  data-testid="picker"
  style="height: 20px; width: 40px;"
>
  <div
    class="css-view-1dbjc4n r-bottom-1p0dtai r-height-1dernwh r-left-1d2f490 r-margin-ywje51 r-position-u8s1d r-right-zchlnj r-top-ipm5af r-transitionDuration-13tjlyg r-width-13qz1uu"
    style="background-color: rgb(218, 216, 222); border-top-left-radius: 10px; border-top-right-radius: 10px; border-bottom-right-radius: 10px; border-bottom-left-radius: 10px;"
  />
  <div
    class="css-view-1dbjc4n r-alignSelf-k200y r-borderRadius-1j16mh1 r-boxShadow-1ewcgjf r-left-1fe0xdi r-transform-1sncvnh r-transitionDuration-13tjlyg"
    style="background-color: rgb(250, 249, 250); height: 20px; margin-left: 0px; width: 20px;"
  />
  <input
    class="r-bottom-1p0dtai r-cursor-1ei5mc7 r-height-1pi2tsx r-left-1d2f490 r-margin-crgep1 r-opacity-orgf3d r-padding-t60dpp r-position-u8s1d r-right-zchlnj r-top-ipm5af r-width-13qz1uu"
    data-focusable="true"
    type="checkbox"
  />
</div>
`;
