// Jest Snapshot v1, https://goo.gl/fbAQLP

exports[`LiveIndicator renders a live indicator 1`] = `
<div
  aria-hidden="true"
  class="css-view-1dbjc4n r-alignItems-1awozwy r-flexDirection-18u37iz r-width-1jaylin"
  data-testid="live-indicator"
  style="background-color: rgba(0, 0, 0, 0.6); border-top-left-radius: 2px; border-top-right-radius: 2px; border-bottom-right-radius: 2px; border-bottom-left-radius: 2px; margin: 10px 10px 10px 10px; padding: 5px 5px 5px 5px;"
>
  <div
    class="css-view-1dbjc4n r-borderRadius-ieixw r-display-1adg3ll"
    style="background-color: rgb(236, 19, 19); height: 10px; margin-right: 5px; width: 10px;"
  />
  <div
    class="css-text-76zvg2 r-lineHeight-eljoum r-textTransform-tsynxw"
    dir="auto"
    style="color: rgb(250, 249, 250); font-family: system-ui,-apple-system,BlinkMacSystemFont,'Segoe UI',Roboto,Ubuntu,'Helvetica Neue',sans-serif; font-size: 13px;"
  >
    Live
  </div>
</div>
`;
