// Jest Snapshot v1, https://goo.gl/fbAQLP

exports[`ExternalTextLink renders a link 1`] = `
<a
  class="css-reset-4rbku5 css-cursor-18t94o4 css-text-76zvg2 r-cursor-1loqt21"
  data-focusable="true"
  data-testid="external-text-link"
  dir="auto"
  href="/some-link"
  role="link"
  style="font-family: system-ui,-apple-system,BlinkMacSystemFont,'Segoe UI',Roboto,Ubuntu,'Helvetica Neue',sans-serif; line-height: 1.5;"
>
  Some Link
</a>
`;
