// Jest Snapshot v1, https://goo.gl/fbAQLP

exports[`ChannelItemImageOverlay renders the overlay for a channel item image 1`] = `
<div
  class="css-view-1dbjc4n r-flex-13awgt0 r-justifyContent-1wtj0ep"
  data-testid="channel-item-image-overlay"
>
  <div
    aria-hidden="true"
    class="css-view-1dbjc4n r-alignItems-1awozwy r-flexDirection-18u37iz r-width-1jaylin"
    data-testid="live-indicator"
    style="background-color: rgba(0, 0, 0, 0.6); border-top-left-radius: 2px; border-top-right-radius: 2px; border-bottom-right-radius: 2px; border-bottom-left-radius: 2px; margin: 10px 10px 10px 10px; padding: 5px 5px 5px 5px;"
  >
    <div
      class="css-view-1dbjc4n r-borderRadius-ieixw r-display-1adg3ll"
      style="background-color: rgb(236, 19, 19); height: 10px; margin-right: 5px; width: 10px;"
    />
    <div
      class="css-text-76zvg2 r-lineHeight-eljoum r-textTransform-tsynxw"
      dir="auto"
      style="color: rgb(250, 249, 250); font-family: system-ui,-apple-system,BlinkMacSystemFont,'Segoe UI',Roboto,Ubuntu,'Helvetica Neue',sans-serif; font-size: 13px;"
    >
      Live
    </div>
  </div>
  <div
    class="css-text-76zvg2 css-textOneLine-bfa6kz"
    dir="auto"
    style="color: rgb(250, 249, 250); font-family: system-ui,-apple-system,BlinkMacSystemFont,'Segoe UI',Roboto,Ubuntu,'Helvetica Neue',sans-serif; font-size: 13px; line-height: 1.5; padding: 10px 10px 5px 10px;"
  >
    {{count, number}} viewer
  </div>
</div>
`;
