// Jest Snapshot v1, https://goo.gl/fbAQLP

exports[`ChannelItemBoundary when an error occurs renders an error placeholder 1`] = `
<DocumentFragment>
  <div
    class="css-view-1dbjc4n r-display-1adg3ll"
    data-testid="channel-item-error"
  >
    <div
      class="css-view-1dbjc4n r-display-1adg3ll"
      data-testid="channel-item-error-image"
      style="background-color: rgb(218, 216, 222); height: 225px; width: 400px;"
    />
    <div
      class="css-view-1dbjc4n"
      data-testid="channel-item-error-detail"
      style="padding: 5px 10px 5px 10px; width: 400px;"
    >
      <div
        class="css-text-76zvg2 css-textOneLine-bfa6kz r-fontWeight-vw2c0b r-textTransform-tsynxw"
        dir="auto"
        style="color: rgb(25, 23, 28); font-family: system-ui,-apple-system,BlinkMacSystemFont,'Segoe UI',Roboto,Ubuntu,'Helvetica Neue',sans-serif; font-size: 16px; line-height: 1.5;"
      >
        Oops! Something went wrong.
      </div>
      <div
        class="css-text-76zvg2 css-textOneLine-bfa6kz"
        dir="auto"
        style="color: rgb(50, 47, 55); font-family: system-ui,-apple-system,BlinkMacSystemFont,'Segoe UI',Roboto,Ubuntu,'Helvetica Neue',sans-serif; font-size: 13px; line-height: 1.5;"
      >
         
      </div>
      <div
        class="css-text-76zvg2 css-textOneLine-bfa6kz"
        dir="auto"
        style="color: rgb(50, 47, 55); font-family: system-ui,-apple-system,BlinkMacSystemFont,'Segoe UI',Roboto,Ubuntu,'Helvetica Neue',sans-serif; font-size: 13px; line-height: 1.5;"
      >
         
      </div>
    </div>
  </div>
</DocumentFragment>
`;

exports[`ChannelItemBoundary when things are fine renders 1`] = `
<DocumentFragment>
  <div
    class="css-view-1dbjc4n r-cursor-1loqt21 r-display-1adg3ll r-outlineStyle-1ny4l3l r-touchAction-1otgn73 r-transitionDuration-eafdt9 r-transitionProperty-1i6wzkk r-userSelect-lrvibr"
    data-focusable="true"
    data-testid="channel-item"
    tabindex="0"
  >
    <div
      class="css-view-1dbjc4n"
      style="background-color: rgb(218, 216, 222); height: 225px; width: 400px;"
    >
      <div
        aria-label="Aimbot-Up Cup Duos w/ Chokzy"
        class="css-view-1dbjc4n r-bottom-1p0dtai r-flexBasis-1mlwlqe r-left-1d2f490 r-overflow-1udh08x r-position-u8s1d r-right-zchlnj r-top-ipm5af r-zIndex-1wyyakw"
        data-testid="channel-item-image"
        style="height: 225px; width: 400px;"
      >
        <div
          class="css-view-1dbjc4n r-backgroundColor-1niwhzg r-backgroundPosition-vvn4in r-backgroundRepeat-u6sd8q r-backgroundSize-4gszlv r-bottom-1p0dtai r-height-1pi2tsx r-left-1d2f490 r-position-u8s1d r-right-zchlnj r-top-ipm5af r-width-13qz1uu r-zIndex-1wyyakw"
          style="background-image: url(channels/live_user_tfue-800x450.jpg);"
        />
        <img
          alt="Aimbot-Up Cup Duos w/ Chokzy"
          class="css-accessibilityImage-9pa8cd"
          draggable="false"
          src="channels/live_user_tfue-800x450.jpg"
        />
      </div>
      <div
        class="css-view-1dbjc4n r-flex-13awgt0 r-justifyContent-1wtj0ep"
        data-testid="channel-item-image-overlay"
      >
        <div
          aria-hidden="true"
          class="css-view-1dbjc4n r-alignItems-1awozwy r-flexDirection-18u37iz r-width-1jaylin"
          data-testid="live-indicator"
          style="background-color: rgba(0, 0, 0, 0.6); border-top-left-radius: 2px; border-top-right-radius: 2px; border-bottom-right-radius: 2px; border-bottom-left-radius: 2px; margin: 10px 10px 10px 10px; padding: 5px 5px 5px 5px;"
        >
          <div
            class="css-view-1dbjc4n r-borderRadius-ieixw r-display-1adg3ll"
            style="background-color: rgb(236, 19, 19); height: 10px; margin-right: 5px; width: 10px;"
          />
          <div
            class="css-text-76zvg2 r-lineHeight-eljoum r-textTransform-tsynxw"
            dir="auto"
            style="color: rgb(250, 249, 250); font-family: system-ui,-apple-system,BlinkMacSystemFont,'Segoe UI',Roboto,Ubuntu,'Helvetica Neue',sans-serif; font-size: 13px;"
          >
            Live
          </div>
        </div>
        <div
          class="css-text-76zvg2 css-textOneLine-bfa6kz"
          dir="auto"
          style="color: rgb(250, 249, 250); font-family: system-ui,-apple-system,BlinkMacSystemFont,'Segoe UI',Roboto,Ubuntu,'Helvetica Neue',sans-serif; font-size: 13px; line-height: 1.5; padding: 10px 10px 5px 10px;"
        >
          {{count, number}} viewer
        </div>
      </div>
    </div>
    <div
      class="css-view-1dbjc4n"
      data-testid="channel-item-detail"
      style="padding: 5px 10px 5px 10px; width: 400px;"
    >
      <div
        aria-hidden="true"
        class="css-text-76zvg2 css-textOneLine-bfa6kz r-fontWeight-vw2c0b"
        dir="auto"
        style="color: rgb(25, 23, 28); font-family: system-ui,-apple-system,BlinkMacSystemFont,'Segoe UI',Roboto,Ubuntu,'Helvetica Neue',sans-serif; font-size: 16px; line-height: 1.5;"
      >
        Aimbot-Up Cup Duos w/ Chokzy
      </div>
      <div
        class="css-view-1dbjc4n r-flexDirection-18u37iz"
      >
        <div
          class="css-view-1dbjc4n r-display-1adg3ll r-flexBasis-1mlwlqe r-overflow-1udh08x r-zIndex-417010"
          data-testid="channel-item-detail-broadcaster"
          style="height: 38px; width: 38px;"
        >
          <div
            class="css-view-1dbjc4n r-backgroundColor-1niwhzg r-backgroundPosition-vvn4in r-backgroundRepeat-u6sd8q r-backgroundSize-4gszlv r-bottom-1p0dtai r-height-1pi2tsx r-left-1d2f490 r-position-u8s1d r-right-zchlnj r-top-ipm5af r-width-13qz1uu r-zIndex-1wyyakw"
            style="background-image: url(profiles/2470b5c6-a737-4ba6-8987-c28e0ca839e1-profile_image-150x150.jpg);"
          />
          <img
            alt=""
            class="css-accessibilityImage-9pa8cd"
            draggable="false"
            src="profiles/2470b5c6-a737-4ba6-8987-c28e0ca839e1-profile_image-150x150.jpg"
          />
        </div>
        <div
          class="css-view-1dbjc4n r-flex-13awgt0"
          style="margin-left: 5px;"
        >
          <div
            class="css-text-76zvg2 css-textOneLine-bfa6kz"
            dir="auto"
            style="color: rgb(50, 47, 55); font-family: system-ui,-apple-system,BlinkMacSystemFont,'Segoe UI',Roboto,Ubuntu,'Helvetica Neue',sans-serif; font-size: 13px; line-height: 1.5;"
          >
            Tfue
          </div>
          <div
            class="css-text-76zvg2 css-textOneLine-bfa6kz"
            dir="auto"
            style="color: rgb(50, 47, 55); font-family: system-ui,-apple-system,BlinkMacSystemFont,'Segoe UI',Roboto,Ubuntu,'Helvetica Neue',sans-serif; font-size: 13px; line-height: 1.5;"
          >
            Fortnite
          </div>
        </div>
      </div>
    </div>
  </div>
</DocumentFragment>
`;
