// Jest Snapshot v1, https://goo.gl/fbAQLP

exports[`useKeyboard when a key is pressed invokes the callback 1`] = `
<DocumentFragment>
  <div
    class="css-text-76zvg2"
    dir="auto"
  >
    65
  </div>
</DocumentFragment>
`;
