// Jest Snapshot v1, https://goo.gl/fbAQLP

exports[`useLanguage renders 1`] = `
<DocumentFragment>
  <div
    class="css-text-76zvg2"
    dir="auto"
  >
    en-US - ltr
  </div>
</DocumentFragment>
`;
