// Jest Snapshot v1, https://goo.gl/fbAQLP

exports[`useOverrides renders with the overriden link 1`] = `
<DocumentFragment>
  <a
    class="rn-backgroundColor-1niwhzg rn-borderTopWidth-13yce4e rn-borderRightWidth-fnigne rn-borderBottomWidth-ndvcnb rn-borderLeftWidth-gxnn5r rn-boxSizing-deolkf rn-cursor-1loqt21 rn-display-1471scf rn-fontSize-1b43r93 rn-fontStyle-o11vmf rn-fontVariant-ebii48 rn-fontWeight-gul640 rn-lineHeight-t9a87b rn-marginTop-1mnahxq rn-marginRight-61z16t rn-marginBottom-p1pxzi rn-marginLeft-11wrixw rn-paddingTop-wk8lta rn-paddingRight-9aemit rn-paddingBottom-1mdbw0j rn-paddingLeft-gy4na3 rn-textDecoration-bauka4 rn-whiteSpace-q42fyq rn-wordWrap-qvutc0"
    data-focusable="true"
    data-testid="link"
    dir="auto"
    href="/some-link"
    role="link"
    style="color: rgb(100, 65, 164); font-family: system-ui, -apple-system, BlinkMacSystemFont, 'Segoe UI', Roboto, Ubuntu, 'Helvetica Neue', sans-serif;"
  >
    Some Link
  </a>
</DocumentFragment>
`;
