// Jest Snapshot v1, https://goo.gl/fbAQLP

exports[`useRouter renders with the current location 1`] = `
<DocumentFragment>
  <div
    class="css-text-76zvg2"
    dir="auto"
  >
    /
  </div>
</DocumentFragment>
`;
