// Jest Snapshot v1, https://goo.gl/fbAQLP

exports[`useTheme renders with the current theme 1`] = `
<DocumentFragment>
  <div
    class="css-text-76zvg2"
    dir="auto"
    style="color: rgb(25, 23, 28);"
  >
    OHAI
  </div>
</DocumentFragment>
`;
