// Jest Snapshot v1, https://goo.gl/fbAQLP

exports[`dark matches 1`] = `
Object {
  "colors": Object {
    "bodyBackground": "#0f0e11",
    "bodySubtext": "#dad8de",
    "bodyText": "#faf9fa",
    "border": "#dad8de",
    "heading": "#dad8de",
    "itemBackground": "#322f37",
    "itemBackgroundHover": "#dad8de",
    "itemPrimary": "#faf9fa",
    "itemPrimaryHover": "#19171c",
    "itemSecondary": "#dad8de",
    "itemSecondaryHover": "#322f37",
    "itemShadowHover": "rgba(255, 255, 255, 0.2)",
    "link": "#6441a4",
    "linkHover": "#4b367c",
    "liveIndicator": "#faf9fa",
    "liveIndicatorBackground": "rgba(0, 0, 0, 0.6)",
    "liveIndicatorDot": "#ec1313",
    "navBackground": "#4b367c",
    "navBackgroundHover": "#6441a4",
    "spinner": "#6441a4",
    "switchActiveThumb": "#6441a4",
    "switchActiveTrack": "#322f37",
    "switchThumb": "#19171c",
    "switchTrack": "#322f37",
  },
  "layout": Object {
    "borderLarge": 6,
    "borderMedium": 3,
    "borderRadiusLarge": 12,
    "borderRadiusMedium": 6,
    "borderRadiusSmall": 2,
    "borderSmall": 1,
    "gapExtraLarge": 30,
    "gapLarge": 20,
    "gapMedium": 10,
    "gapSmall": 5,
    "maxCategoryHeight": 250,
    "maxCategoryWidth": 188,
    "maxChannelHeight": 225,
    "maxChannelWidth": 400,
    "navSize": 32,
    "spinnerSize": 36,
  },
  "typography": Object {
    "family": "system-ui, -apple-system, BlinkMacSystemFont, 'Segoe UI', Roboto, Ubuntu, 'Helvetica Neue', sans-serif",
    "lineHeight": 1.5,
    "sizeBase": 16,
    "sizePrimary": 32,
    "sizeSecondary": 16,
    "sizeTertiary": 13,
  },
}
`;
