// Jest Snapshot v1, https://goo.gl/fbAQLP

exports[`Search renders the page 1`] = `
<DocumentFragment>
  <div
    class="css-view-1dbjc4n"
  >
    <h2
      aria-level="2"
      class="css-reset-4rbku5 css-text-76zvg2 r-fontWeight-vw2c0b"
      data-testid="heading"
      dir="auto"
      role="heading"
      style="color: rgb(50, 47, 55); font-family: system-ui,-apple-system,BlinkMacSystemFont,'Segoe UI',Roboto,Ubuntu,'Helvetica Neue',sans-serif; font-size: 16px; line-height: 1.5; margin: 20px 30px 5px 30px;"
    >
      Search
    </h2>
  </div>
</DocumentFragment>
`;
