// Jest Snapshot v1, https://goo.gl/fbAQLP

exports[`CategoryItemImage renders a category item image 1`] = `
<div
  aria-label="Fortnite"
  class="css-view-1dbjc4n r-flexBasis-1mlwlqe r-overflow-1udh08x r-zIndex-417010"
  data-testid="category-item-image"
  style="background-color: rgb(218, 216, 222); display: block; height: 250px; width: 188px;"
>
  <div
    class="css-view-1dbjc4n r-backgroundColor-1niwhzg r-backgroundPosition-vvn4in r-backgroundRepeat-u6sd8q r-backgroundSize-4gszlv r-bottom-1p0dtai r-height-1pi2tsx r-left-1d2f490 r-position-u8s1d r-right-zchlnj r-top-ipm5af r-width-13qz1uu r-zIndex-1wyyakw"
    style="background-image: url(categories/Fortnite-376x500.jpg);"
  />
  <img
    alt="Fortnite"
    class="css-accessibilityImage-9pa8cd"
    draggable="false"
    src="categories/Fortnite-376x500.jpg"
  />
</div>
`;
