// Jest Snapshot v1, https://goo.gl/fbAQLP

exports[`CategoryItemError renders an error placeholder 1`] = `
<DocumentFragment>
  <div
    class="css-view-1dbjc4n r-display-1adg3ll"
    data-testid="category-item-error"
  >
    <div
      class="css-view-1dbjc4n r-display-1adg3ll"
      data-testid="category-item-error-image"
      style="background-color: rgb(218, 216, 222); height: 250px; width: 188px;"
    />
    <div
      class="css-view-1dbjc4n"
      data-testid="category-item-error-detail"
      style="padding: 5px 10px 5px 10px; width: 188px;"
    >
      <div
        class="css-text-76zvg2 css-textOneLine-bfa6kz r-fontWeight-vw2c0b r-textTransform-tsynxw"
        dir="auto"
        style="color: rgb(25, 23, 28); font-family: system-ui,-apple-system,BlinkMacSystemFont,'Segoe UI',Roboto,Ubuntu,'Helvetica Neue',sans-serif; font-size: 16px; line-height: 1.5;"
      >
        Oops! Something went wrong.
      </div>
      <div
        class="css-text-76zvg2 css-textOneLine-bfa6kz"
        dir="auto"
        style="color: rgb(50, 47, 55); font-family: system-ui,-apple-system,BlinkMacSystemFont,'Segoe UI',Roboto,Ubuntu,'Helvetica Neue',sans-serif; font-size: 13px; line-height: 1.5;"
      >
        Â 
      </div>
    </div>
  </div>
</DocumentFragment>
`;
