// Jest Snapshot v1, https://goo.gl/fbAQLP

exports[`ChannelGrid after layout renders its elements 1`] = `
<div
  class="css-view-1dbjc4n r-WebkitOverflowScrolling-150rngu r-flexDirection-eqz5dr r-flexGrow-16y2uox r-flexShrink-1wbh5a2 r-overflowX-11yh6sk r-overflowY-1rnoaur r-transform-1sncvnh"
  data-testid="channel-grid"
>
  <div
    class="css-view-1dbjc4n"
  >
    <div
      class="css-view-1dbjc4n"
    >
      <div
        class="css-view-1dbjc4n"
        style="flex-direction: row;"
      >
        <div
          class="css-view-1dbjc4n r-display-1adg3ll"
          style="margin-bottom: 10px; margin-left: 20px; margin-right: 5px;"
        >
          <mock-channel-item
            height="120"
            item="[object Object]"
            width="215"
          />
        </div>
        <div
          class="css-view-1dbjc4n r-display-1adg3ll"
          style="margin-bottom: 10px; margin-left: 5px; margin-right: 20px;"
        >
          <mock-channel-item
            height="120"
            item="[object Object]"
            width="215"
          />
        </div>
      </div>
    </div>
    <div
      class="css-view-1dbjc4n"
    >
      <div
        class="css-view-1dbjc4n"
        style="flex-direction: row;"
      >
        <div
          class="css-view-1dbjc4n r-display-1adg3ll"
          style="margin-bottom: 10px; margin-left: 20px; margin-right: 5px;"
        >
          <mock-channel-item
            height="120"
            item="[object Object]"
            width="215"
          />
        </div>
        <div
          class="css-view-1dbjc4n r-display-1adg3ll"
          style="margin-bottom: 10px; margin-left: 5px; margin-right: 20px;"
        >
          <mock-channel-item
            height="120"
            item="[object Object]"
            width="215"
          />
        </div>
      </div>
    </div>
    <div
      class="css-view-1dbjc4n"
    >
      <div
        class="css-view-1dbjc4n"
        style="flex-direction: row;"
      >
        <div
          class="css-view-1dbjc4n r-display-1adg3ll"
          style="margin-bottom: 10px; margin-left: 20px; margin-right: 5px;"
        >
          <mock-channel-item
            height="120"
            item="[object Object]"
            width="215"
          />
        </div>
        <div
          class="css-view-1dbjc4n r-display-1adg3ll"
          style="margin-bottom: 10px; margin-left: 5px; margin-right: 20px;"
        >
          <mock-channel-item
            height="120"
            item="[object Object]"
            width="215"
          />
        </div>
      </div>
    </div>
    <div
      class="css-view-1dbjc4n"
    >
      <div
        class="css-view-1dbjc4n"
        style="flex-direction: row;"
      >
        <div
          class="css-view-1dbjc4n r-display-1adg3ll"
          style="margin-bottom: 10px; margin-left: 20px; margin-right: 5px;"
        >
          <mock-channel-item
            height="120"
            item="[object Object]"
            width="215"
          />
        </div>
        <div
          class="css-view-1dbjc4n r-display-1adg3ll"
          style="margin-bottom: 10px; margin-left: 5px; margin-right: 20px;"
        >
          <mock-channel-item
            height="120"
            item="[object Object]"
            width="215"
          />
        </div>
      </div>
    </div>
    <div
      class="css-view-1dbjc4n"
      style="height: 202px;"
    />
  </div>
</div>
`;
